// Jest Snapshot v1, https://goo.gl/fbAQLP

exports[`<username/> should render Ben 1`] = `
<div>
  <h1>
    Hello
  </h1>
  <h1>
    Ben
  </h1>
</div>
`;
